error: test failure
